$EXTERN ExtAADB ;



CCB {
  8 t.3 1 
    ,'d' <C CC 5 B 8 1 9 > <Print 9 7 10 CAC > : 
     { 
  (5 BAC ) (() ('cb' ) ) 4 e.11 AC 
    ,9 <CCB 4 t.3 > :  = 
    'c' ;
     };
  (B ) CB A t.3 1 
    ,t.3 t.3 t.3 <Ev-met <Chr 5 'd' (3 ) <Type 'c' t.3 'b' >
BB ACD > 'b' t.3 'aca' > 'a' : 
     { 
  'cbd' CBB 
    ,(CBB DC 5 <Lower t.3 > ) 'c' : 'd' (() 7 ) 5 e.13 'c' 

   ,'bd' : 7 A  = 
    (('b' ) 'c' <Lenw () > ) 'b' 8 e.13 2 <ExtAADB () > ;
  ('a' ) t.9 'd' CBB 
    ,: 'd' e.9 BB e.8 
    ,3 () 'b' : 
     { 
  t.11 'b' (s.8 t.11 ('d' ) ) CA BB 'c' ACC ('c' ) 
    ,:  = 
    ;
  t.11 'b' (s.8 t.11 ('d' ) ) CA t.9 t.11 9 BB 'c' ACC ('c' ) 
    ,:

    ,: e.12 
    ,<CCB > :  = 
    DB <Type > ;
  t.11 'b' (s.8 t.11 ('d' ) ) CA t.9 t.4 DBB 9 (t.9 ) t.11 9 BB 'c' ACC ('c'
) 
    ,t.9 : 
    ,'b' () e.8 : 
    ,'b' <Chr C 'c' 5 t.9 >
: 8 
    ,: 
    ,(6 ) : ()  = 
    <Mu 4 'a' BB > ;
     };
     };
  (B ) CB A 'a' t.10 'ba' 8 t.7 t.3 1 
    ,() CA 3 : 
     { 
  'd' B 'cd' 
    ,: 
    ,t.3 'b' :  = 
    ;
  'd' 3 () 4 3 'cd' 
    ,: 
    ,0 <C 5 7 > () : e.11 'cb' 
 
  ,1 : (e.9 ) 9 'ab'  = 
    ;
     };
  (B ) CB A 'a' t.10 'a' BB t.13 s.12 'a' 8 t.7 t.3 1 
    ,5 <Lenw (<BC B > t.13 <C >
) t.13 BD 'd' 10 ('a' <Mu 1 B CAC ABB > BAC () s.12 8 t.7 BCC ) (1 ) ABAA <Prout 'b' C 2 <Print t.10 BAAC >
<Ev-met CBB 'b' > > > 'd' (CB ) BD BC t.3 : 
     { 
  'b' 1 B e.5 
    ,: 
    ,: 
    ,: CBB 
    ,: e.6  = 
    ;
  'b' 5 ('c' ) 'a' B e.5 
    ,: 
    ,: 'cc' e.11 ('a' CA )
e.5  = 
    ;
  'b' 5 e.10 'dd' DCC () s.10 'a' B e.5 
    ,: e.3 
    ,: 
   
,: ACA 
    ,: 
     { 
  'b' 4 DBB 
    ,: e.7 e.8 e.3 
    ,: ADB  = 
    ;
  CDB 'b' 6 t.5 'b' 4 DBB  = 
    ;
     };
     };
}

BC {
  CDB s.9 s.1 D 3 2 6 8 
    ,: 
     { 
  s.10 e.1 DD e.3 3 
    ,e.1 : e.2 0 DA 
    ,3 <ExtAADB 'b' > : (BACB )  = 
    (6 'c' ) ;
     };
  CDB s.9 s.1 e.4 CDA (t.12 ) 'b' (6 e.4 6 0 ) BC 'b' ((AABB CC (BDB t.11 ) ) ((s.6 CACC )
) BBA ((9 s.12 ) 10 t.1 ) s.3 ) 3 t.1  = 
    ;
}

DCCC {
  4 s.9 'b' 
    ,s.9 CDAB 8 ('d' s.9 DCB AB <Ev-met s.9 s.9 4 'a' s.9 > 'b' )
<Type D <Print BDCB s.9 s.9 'd' 5 7 > () s.9 'c' > : 
     { 
  e.11 C ('c' ) (ACD 'a' ) 'c' t.7 
    ,(4 8 ) 'c' : e.10 
    ,:
3 
    ,(CABB ABC ) (('a' ) ) : 
    ,e.11 'a' 5 : AAB BBB  = 
    'b' <Mu > ;
  e.11 BA t.8 'b' e.6 5 CC (ACD 'a' ) 'c' t.7 
    ,7 <Upper e.6 'b' CAC 3 BD >
e.6 e.11 : e.11 CCBC 2 
    ,'a' BBC <Upper <Mu 4 'd' > > : 3 ((10 6 AB e.13 ) )
DA 
    ,8 <Mu 9 4 > : BBB (CD ) 
    ,: 'c'  = 
    ;
  e.11 BA t.8 'b' CC 'b' t.4 'c' BC 5 CC (ACD 'a' ) 'c' t.7 
    ,1 : 'b'

    ,'a' 5 : 'c' ABC ((DD ) ) e.10 'b' 
    ,'d' <Mu 'b' 7 ADC >
: ('a' )  = 
    (10 6 7 ) (s.9 'b' DDB 7 ) ;
     };
  4 s.9 e.10 10 (1 e.7 ACC (e.7 'b' CCDC CAB 'db' D ) B 'c' ) 2 e.1 'c' e.5 3 'da'

    ,AD : 
     { 
  s.9 CCB B (5 e.1 A 5 (8 ) ) () 3 (3 ) 
    ,'a' s.9 (D <Lower BBC 8 > ) : AC 

   ,5 <Mu <Ev-met > 6 C > : e.1 (AC BB ) D  = 
    ;
     };
  4 s.9 'ca' 
    ,s.9 : 
     { 
  'a' (t.3 ) 
    ,t.3 () () () : (C ) e.12 
    ,6 4 : 8 BABD 'd'
6 
    ,: 'dd' e.8 
    ,<BC 10 > : 
     { 
  7 ADCC 1 
    ,CD 'a' t.3 : 'a' 
    ,'b' <Type 8 3 'c' > : 6  = 
    ;
  (0 'd' (8 C ) ) t.8 e.9 9 'b' (t.5 ) (DA ) 7 ADCC 1 
    ,CC : e.2 
 
  ,<Type AD 'c' > : D DCC  = 
    <Mu t.3 'c' > ;
     };
  'a' e.1 DC e.5 (('a' ) e.6 ) ((e.9 ) 'b' 2 e.13 ) 2 e.13 (() ) (t.3 )

    ,'b' CC e.5 : 'c' 
    ,'d' : 
    ,: 
    ,<DCCC <Mu 'd'
(e.9 'c' 7 'b' ) CC <Print > > > (e.5 ) <DCCC > : 
    ,6 e.9 9 : 'b'
 = 
    e.5 ;
  'a' DCD (CC ) 'b' (s.12 ) 2 e.13 (() ) (t.3 ) 
    ,A s.12 : e.11 1 

   ,BD 1 : e.4 () 
    ,<Prout > : ('b' ) 
    ,: 5 7 7 CC 
    ,:

     { 
  s.3 9 'b' 
    ,: 
    ,: 3 (e.4 ACD ) 'b' s.2  = 
    ;
  s.3 ('d' ) 'b' t.5 
    ,<Print 8 ADAB 7 <Lenw B > > : 'a' e.10 
    ,'c'
6 : 'b' s.12 e.4 
    ,5 :  = 
    s.12 ;
  s.3 'b' 5 4 t.5 
    ,:  = 
    ;
     };
     };
}

$ENTRY C {
  6 'a' 2 
    ,(BDB 8 (<Print 'dc' 6 > CC 'c' ('c' BB DCD BBC ) ) ) <Print 5 <Lower 'c'
CBBC <Prout 'd' CD > 5 AAC 6 BCB 1 > 'bc' 4 3 10 'b' > : 
     { 
  9 
    ,<Mu 'c' > : 
    ,: 
    ,: e.2 
    ,: 
    ,:
(s.3 e.11 )  = 
    ;
     };
  6 'a' s.10 (B 1 ) (BA ) 2 
    ,: 
     { 
  e.8 (1 e.1 ) 
    ,BA 5 'a' e.1 <Type s.10 CBA e.1 e.1 > DB : e.7 
    ,'b'
: 6 1 1 (C DBC t.13 'b' ) 
    ,(CB 3 t.13 AC ) t.13 e.8 (7 ) <Ev-met s.10 > : 'b'
5 'b'  = 
    'b' ;
  4 'b' ACCB s.11 (AC DCC (s.11 BB (t.2 s.5 'c' s.11 ) s.7 ) CCB ) 6 'd' 
    ,:
0 BBBB s.11  = 
    1 ;
     };
  6 'a' s.10 (CB ) t.10 5 ('bc' ) 0 (ADC 6 C (e.1 8 AABC ) ) (B 1 ) (BA ) 2  = 
    <Mu C t.10 > <Ev-met 1 'b' ('b' 5 ) 'c' s.10 (3 CBCD ) > <ExtAADB > ;
}
