$EXTERN ExtCAA , ExtDBDC ;



$ENTRY BC {
  CDD s.6 s.4 'b' 9 (BA 8 e.12 (e.5 ('a' CDDA 7 8 (AC BACC e.11 5 e.8 e.1 DA 10 5 ) e.3 (8 6 BBCC 5 'ad'
9 e.8 ) 5 'c' ) 1 2 e.11 e.6 ) (e.7 7 'bcb' B 'c' e.7 (8 ) ) 'a'
DC 3 e.13 'c' ) ACCB CDC 9 BCB CCD e.6 
    ,: 
     { 
  s.2 A 'c' 1 
    ,1 : 
    ,: CAAB  = 
    'c' e.6 3 ;
  s.2 'c' 1 
    ,e.11 (1 ) <Mu 5 > : (A ) 
    ,10 :  = 
    ;
     };
  CDD s.6 s.4 'b' () CB 'b' 
    ,s.6 4 <Ev-met 6 <Mu 'a' > 'c' > : 
     { 
  s.8 8 
    ,<Chr 'd' AAC > : (e.6 ) (BA ) 'd' 
    ,<BCDCC 7 > : (e.4 'c'
)  = 
    () ;
     };
}

CA {
  ('d' () ) 3 BA 5 CB (4 (t.12 ) ) (1 ) 
    ,'c' AA BB ABB (8 9 'd' t.12 )
: 
     { 
  (CD 'b' 9 ) s.13 'b' e.11 'a' t.7 
    ,: 0 'c' 
    ,s.13 : e.7 'bd'

    ,: 'a' 
    ,t.7 : s.6  = 
    e.7 ;
     };
  ('d' () ) 4 2 e.8 ('c' 3 8 e.1 8 BB e.9 ) () 'b' e.9 () DD CB (4 (t.12 )
) (1 ) 
    ,B 1 : 
     { 
  s.3 
    ,: s.9 e.2 s.9 C  = 
    t.12 ((9 BBB 'd' ) 2 'c' DCCC ) 'a' ;
     };
  ('d' () ) 4 2 (BAB s.6 ) BB BDB D 5 (C 4 ('dc' 6 e.13 ) e.7 9 ) DA DD CB (4 (t.12 )
) (1 ) 
    ,: 
     { 
  1 'a' 
    ,AA : 3 e.3 
    ,'b' (<BCDCC > t.12 <Upper 8 > ) 0 BD e.3 : (BB ADA )
 = 
    8 8 6 D <Mu 3 <B t.12 7 BB > 1 e.13 8 > ;
  1 s.13 'c' 6 'a' 
    ,3 'cb' s.6 (3 'd' 9 BCCC ) : BB  = 
    ;
     };
}

$ENTRY B {
  7 'b' 4 8 'b' (e.5 (D 'c' (8 e.10 'cb' ) 'c' ) t.7 t.7 (0 4 (8 (10 e.12 6 8 )
C (e.4 ) e.8 ) CBC CCB 7 ) 'c' ) ((8 (7 'b' DCB e.6 B e.9 ) 10 e.3 A 7 ) DBC 1 )

    ,: 
     { 
  s.10 
    ,<Mu 10 > : e.10 
    ,() : s.3 
    ,('b' ) B 'c' :
(2 e.10 ) e.11 DDDC 
    ,6 : () e.7 
    ,e.10 :  = 
    ;
  DC 
    ,: 1  = 
    3 ;
     };
  7 DD e.1 CBA e.2 CDA 
    ,: 
     { 
  DAC BACC 'b' s.3 
    ,5 :  = 
    ;
  DAC BACC 'b' CBA C t.1 'ab' (C e.7 C ) 'b' s.3 
    ,: 
    ,: (BDC e.1 'bb'
2 ) 'd' (e.3 0 8 )  = 
    <Type > ;
  DAC BACC 'b' CBA C 'c' e.9 10 7 t.1 'ab' (C e.7 C ) 'b' s.3 
    ,<BC > :

    ,AC : s.4 e.5 (2 () () 'b' DB 'b' ) (ADCC s.9 5 'b' 3 CB ) 0 
 
  ,(CCBB 'c' BBB ) CDCA <B (BC ) (e.9 'c' 9 ) (e.1 'c' ) ABB <CA e.5 > > 0 0 :
 = 
    AADB ;
     };
  7 'bb' CDA 
    ,'c' : 
     { 
  2 e.10 2 s.6 
    ,<Type <Lower 5 > > : 7  = 
    CC ;
     };
  7 'baa' (t.8 7 ) (BC ) 4 s.11 (0 2 s.4 ) 'cb' CDA 
    ,CB : 
     { 
  AACB (CB ) CBA e.1 
    ,DCC : e.13  = 
    e.1 'dc' s.11 ;
  7 (BCA 4 (BB CC e.10 ) (e.12 'c' ) DBA ) 2 e.1 
    ,(BDB ) (3 ) <Print > : BAC 'c'

    ,'c' : BCCC 1 
    ,e.12 : 
    ,<Mu () 5 7 CBCB > A s.11 e.1 (s.4 ((s.11 BCB )
C s.11 ) 'c' () t.8 ) : 
     { 
  t.7 'd' ADC 9 
    ,: 
    ,<Lenw <Print C > <Print 'c' > > : 'b' BB 
   
,8 : e.4 9  = 
    s.11 ;
  t.7 t.8 e.4 CA s.1 'b' () 'c' 2 9 
    ,2 : B DC 
    ,e.10 : 7 
 
  ,'c' : t.13 
    ,(5 'c' ) s.1 (CBB e.1 ) : ('c' e.4 C ) t.3 s.5 

   ,('a' ) ('c' ) t.13 : 'b'  = 
    ;
     };
  5 DDC DCB ('c' 1 e.5 ) 'c' t.4 0 e.3 7 'a' t.4 7 e.1  = 
    ;
     };
  7 'ba' D e.13 s.9 5 () s.11 (0 2 s.4 ) 'cb' CDA 
    ,<Lenw 'c' <ExtDBDC () 6 >
B > <Type (<Ev-met 'b' CA > ('b' 0 1 'b' ) <Prout 'cb' > ('b' ) ) <Mu 'cb'
> <Mu (1 ABA 'b' ) 5 'b' C > > D e.13 : 
     { 
  s.9 1 () 'b' 
    ,<Lenw C s.9 > :  = 
    ;
     };
  7 'ba' D 'ba' t.1 () s.11 (0 2 s.4 ) 'cb' CDA 
    ,'a' 4 : 
     { 
  s.9 BB 
    ,9 : 1 BCA s.4 'b' 1 
    ,() CDDD : e.8 'c'  = 
    ('a' ) ;
  9 ABC e.5 (BC BD 3 e.3 9 ) 5 'a' s.9 BB 
    ,ADDC : 'c'  = 
    'a' s.9 ;
     };
}

$ENTRY BCDCC {
  BBB ((7 t.12 t.7 ) ) t.1 e.7 t.6 t.6  = 
    ;
  BBB ((7 t.12 t.7 ) ) t.2 'd' (DD e.5 'dc' ) CBB (BAB 3 e.2 'b' ) t.6 t.6 

   ,e.5 B 'c' e.5 CBB : 
     { 
  ABB BB s.4 ('c' 3 'c' 2 'a' ) 'c' 
    ,<Mu 8 'c' <B > <Upper BDCC <Ev-met B BCB >
> > : e.12 ACD  = 
    <Chr 'b' t.7 > t.7 ;
  CC 8 'b' (e.7 AD ) (2 e.3 ) (5 10 ) 10 'c' 
    ,6 : CBB ('c' t.11 e.10 )

    ,DBB : 4 
    ,: 
     { 
  
    ,: 
    ,DCCB <Ord > : 
    ,((e.7 ) 'd' ) t.2 'd' : 8 3 e.6 (B B 'c'
) 
    ,CB e.3 e.3 : 'c' e.2  = 
    ;
  'b' ('a' ) 'c' 
    ,AB :  = 
    t.11 () ;
  'b' (e.3 A s.4 ('d' ) ) s.10 ('c' t.9 6 DB ) t.9 
    ,e.10 e.5 :

    ,e.10 : 'b' 6 
    ,BC t.12 :  = 
    e.3 ;
     };
     };
  BBB ((7 t.12 t.7 ) ) t.2 'd' t.6 t.6 
    ,t.7 'b' : 
     { 
  
    ,A : BD 
    ,'c' : B CC 'bca' 
    ,DADB ((t.7 1 ) ) ('d'
) BCC : 5 e.2 ('c' ) 'b' 
    ,e.2 7 (AC 'c' ) 'b' e.2 () : AC 

   ,8 BB ('b' <ExtCAA 4 7 > ) : e.2 () 'c' e.3  = 
    CC ;
     };
  BBB ((7 t.12 t.7 ) ) t.2 'd' (s.11 t.3 6 ) e.5 t.6 t.6 
    ,'bd' t.7 t.12 :

     { 
  'c' () 
    ,: (BD ) 
    ,6 (() ) : 'c' 
    ,t.2 <Mu t.6 >
: (1 9 ) 
    ,6 : 
    ,<Mu 2 > : 
     { 
  AAC 'c' CBAD 
    ,: ()  = 
    ;
     };
  'c' () ((CA 'da' s.11 ) ) ACDD e.7 8 2 'a' 
    ,2 (t.7 <Mu 6 > ) :
BBBC 
    ,<ExtCAA 'a' 5 > : B 2 
    ,ACC : (CACD e.8 0 ) 'b' BAD e.3 'd' 
 
  ,: 'c'  = 
    t.6 7 ;
     };
  BBB ((7 t.12 t.7 ) ) t.2 'd' 4 DB e.5 B ('b' BBDC (e.7 ) () ) CCBB (s.11 t.3 6 )
e.5 t.6 t.6 
    ,(t.12 t.7 'c' (t.12 (BDBA 'a' ) 8 ) BBDB BB 'c' <Print CBC 'db'
<Ev-met B t.7 > <Print t.7 8 > (3 6 8 BDAB ) > BCB ) 'b' 2 'bca' t.12 'c' : 
     { 
  ('c' ) 
    ,: e.3 
    ,: 
    ,: 
    ,8 'c' : (9 )  = 
    'a' ;
  (CB ) 
    ,t.12 (5 0 t.12 ) : 7 'd' (0 DC 'c' ) 
    ,t.12 :  = 
    t.7 ;
     };
}
